// Jest Snapshot v1, https://goo.gl/fbAQLP

exports[`App no home test 1`] = `<div />`;

exports[`App with home 1`] = `
<div>
  <Home />
</div>
`;
