// Jest Snapshot v1, https://goo.gl/fbAQLP

exports[`passing test 1`] = `undefined`;
